
> numerral-next@0.1.0 build
> next build

node.exe : ΓÜá Warning: Next.js inferred your workspace root, but it may not be correct.
At line:1 char:1
+ & "C:\Program Files\nodejs/node.exe" "C:\Program Files\nodejs/node_mo ...
+ ~~~~~~~~~~~~~~~~~~~~~~~~~~~~~~~~~~~~~~~~~~~~~~~~~~~~~~~~~~~~~~~~~~~~~
    + CategoryInfo          : NotSpecified: (ΓÜá Warning: Ne...not be correct.:String) [], RemoteException
    + FullyQualifiedErrorId : NativeCommandError
 
 We detected multiple lockfiles and selected the directory of C:\Users\Dell\Downloads\Calculator 
Tools\package-lock.json as the root directory.
 To silence this warning, set `turbopack.root` in your Next.js config, or consider removing one of the lockfiles if 
it's not needed.
   See https://nextjs.org/docs/app/api-reference/config/next-config-js/turbopack#root-directory for more information.
 Detected additional lockfiles: 
   * C:\Users\Dell\Downloads\Calculator Tools\numerral-next\package-lock.json

Γû▓ Next.js 16.1.6 (Turbopack)

  Creating an optimized production build ...
Γ£ô Compiled successfully in 2.9s
  Running TypeScript ...
Failed to compile.

./app/investment-calculators/[calculator]/page.tsx:158:9
Type error: Object literal may only specify known properties, and 'contentHTML' does not exist in type '{ subtitle: 
string; explanation: { heading: string; paragraphs: string[]; highlight: string; }; faq: { question: string; answer: 
string; }[]; }'.

[0m [90m 156 |[39m     [32m"retirement-corpus"[39m[33m:[39m {
 [90m 157 |[39m         subtitle[33m:[39m [32m"Calculate the exact retirement corpus required based on your 
current age, retirement age, monthly expenses, and inflation."[39m[33m,[39m
[31m[1m>[22m[39m[90m 158 |[39m         contentHTML[33m:[39m [32m`[39m
 [90m     |[39m         [31m[1m^[22m[39m
 [90m 159 |[39m [32m            <h3>Decoding Your Retirement Number</h3>[39m
 [90m 160 |[39m [32m            <p>Retirement planning is not about hitting an arbitrary multi-crore figure; it is 
a highly individualized mathematical equation. The <strong>Retirement Corpus Calculator</strong> determines the exact 
lump sum needed on the day you retire to sustain your current standard of living for the rest of your life, without 
the fear of outliving your money.</p>[39m
 [90m 161 |[39m [32m            <p>Most individuals drastically underestimate their retirement needs because they 
fail to account for two silent compounding forces working against them: <strong>Inflation</strong> and 
<strong>Increasing Life Expectancy</strong>. If your current monthly lifestyle costs Γé╣50,000 today, an average 6% 
inflation rate will inflate that exact same lifestyle to nearly Γé╣1.6 Lakhs per month in 20 years. Your corpus must 
be large enough to generate this inflated income organically.</p>[39m[0m
Next.js build worker exited with code: 1 and signal: null
